// Vitest Snapshot v1, https://vitest.dev/guide/snapshot.html

exports[`compiler: codegen > module mode preamble 1`] = `
"import { createVNode as _createVNode, resolveDirective as _resolveDirective } from "pvue"

export function render(_ctx, _cache) {
  return null
}"
`;

exports[`compiler: codegen > static text 1`] = `
"
return function render(_ctx, _cache) {
  with (_ctx) {
    return "hello"
  }
}"
`;
